// Jest Snapshot v1, https://goo.gl/fbAQLP

exports[`Login Component will match snapshot when no name is selected 1`] = `
{
  "asFragment": [Function],
  "baseElement": <body>
    <div>
      <div
        class="center"
        data-testid="login-component"
      >
        <h1>
          Employee Polls
        </h1>
        <img
          class="logIn-image"
          src="https://i.blogs.es/f32438/1366_2000-5-/1024_2000.jpeg"
        />
        <h1>
          Log In
        </h1>
        <form>
          <select
            class="selector"
          >
            <option
              value=""
            >
              Select a user
            </option>
            <option
              value="testuser"
            >
              Test User
            </option>
          </select>
          <br />
          <button
            class="btn"
            disabled=""
            type="submit"
          >
            Log In
          </button>
        </form>
      </div>
    </div>
  </body>,
  "container": <div>
    <div
      class="center"
      data-testid="login-component"
    >
      <h1>
        Employee Polls
      </h1>
      <img
        class="logIn-image"
        src="https://i.blogs.es/f32438/1366_2000-5-/1024_2000.jpeg"
      />
      <h1>
        Log In
      </h1>
      <form>
        <select
          class="selector"
        >
          <option
            value=""
          >
            Select a user
          </option>
          <option
            value="testuser"
          >
            Test User
          </option>
        </select>
        <br />
        <button
          class="btn"
          disabled=""
          type="submit"
        >
          Log In
        </button>
      </form>
    </div>
  </div>,
  "debug": [Function],
  "findAllByAltText": [Function],
  "findAllByDisplayValue": [Function],
  "findAllByLabelText": [Function],
  "findAllByPlaceholderText": [Function],
  "findAllByRole": [Function],
  "findAllByTestId": [Function],
  "findAllByText": [Function],
  "findAllByTitle": [Function],
  "findByAltText": [Function],
  "findByDisplayValue": [Function],
  "findByLabelText": [Function],
  "findByPlaceholderText": [Function],
  "findByRole": [Function],
  "findByTestId": [Function],
  "findByText": [Function],
  "findByTitle": [Function],
  "getAllByAltText": [Function],
  "getAllByDisplayValue": [Function],
  "getAllByLabelText": [Function],
  "getAllByPlaceholderText": [Function],
  "getAllByRole": [Function],
  "getAllByTestId": [Function],
  "getAllByText": [Function],
  "getAllByTitle": [Function],
  "getByAltText": [Function],
  "getByDisplayValue": [Function],
  "getByLabelText": [Function],
  "getByPlaceholderText": [Function],
  "getByRole": [Function],
  "getByTestId": [Function],
  "getByText": [Function],
  "getByTitle": [Function],
  "queryAllByAltText": [Function],
  "queryAllByDisplayValue": [Function],
  "queryAllByLabelText": [Function],
  "queryAllByPlaceholderText": [Function],
  "queryAllByRole": [Function],
  "queryAllByTestId": [Function],
  "queryAllByText": [Function],
  "queryAllByTitle": [Function],
  "queryByAltText": [Function],
  "queryByDisplayValue": [Function],
  "queryByLabelText": [Function],
  "queryByPlaceholderText": [Function],
  "queryByRole": [Function],
  "queryByTestId": [Function],
  "queryByText": [Function],
  "queryByTitle": [Function],
  "rerender": [Function],
  "unmount": [Function],
}
`;
